[8052:0000020B71749770]       25 ms: Scavenge 2.4 (3.2) -> 2.0 (4.2) MB, 0.5 / 0.0 ms  (average mu = 1.000, current mu = 1.000) allocation failure 
[8052:0000020B71749770]       31 ms: Scavenge 2.5 (4.2) -> 2.4 (4.9) MB, 0.6 / 0.0 ms  (average mu = 1.000, current mu = 1.000) allocation failure 
[8052:0000020B71749770]       32 ms: Scavenge 3.1 (4.9) -> 3.1 (7.2) MB, 0.5 / 0.0 ms  (average mu = 1.000, current mu = 1.000) allocation failure 
[8052:0000020B71749770]       33 ms: Scavenge 4.4 (7.2) -> 4.4 (7.9) MB, 0.6 / 0.0 ms  (average mu = 1.000, current mu = 1.000) allocation failure 
[8052:0000020B71749770]       34 ms: Scavenge 5.0 (7.9) -> 5.0 (13.4) MB, 0.8 / 0.0 ms  (average mu = 1.000, current mu = 1.000) allocation failure 
[8052:0000020B71749770]       36 ms: Scavenge 8.2 (13.4) -> 8.4 (13.7) MB, 1.0 / 0.0 ms  (average mu = 1.000, current mu = 1.000) allocation failure 
[8052:0000020B71749770]       38 ms: Scavenge 8.8 (13.7) -> 8.3 (25.4) MB, 1.4 / 0.0 ms  (average mu = 1.000, current mu = 1.000) allocation failure 
[8052:0000020B71749770]       45 ms: Scavenge 16.1 (25.7) -> 16.9 (26.2) MB, 2.9 / 0.0 ms  (average mu = 1.000, current mu = 1.000) allocation failure 
[8052:0000020B71749770]       48 ms: Scavenge 16.9 (26.2) -> 15.9 (49.2) MB, 2.8 / 0.0 ms  (average mu = 1.000, current mu = 1.000) allocation failure 
[8052:0000020B71749770]       61 ms: Scavenge 32.5 (49.8) -> 34.1 (51.3) MB, 5.8 / 0.0 ms  (average mu = 1.000, current mu = 1.000) allocation failure 
[8052:0000020B71749770]       66 ms: Scavenge 34.1 (51.3) -> 32.1 (65.5) MB, 5.4 / 0.0 ms  (average mu = 1.000, current mu = 1.000) allocation failure 
[8052:0000020B71749770]       87 ms: Mark-sweep 74.8 (100.3) -> 73.7 (99.7) MB, 1.9 / 0.0 ms  (+ 2.5 ms in 69 steps since start of marking, biggest step 0.1 ms, walltime since start of marking 12 ms) (average mu = 1.000, current mu = 1.000) finalize incremental marking via stack guard GC in old space requested
[8052:0000020B71749770]      267 ms: Mark-sweep 446.1 (473.1) -> 441.2 (475.9) MB, 3.5 / 0.0 ms  (+ 39.5 ms in 592 steps since start of marking, biggest step 0.2 ms, walltime since start of marking 103 ms) (average mu = 0.762, current mu = 0.762) finalize incremental marking via stack guard GC in old space requested
[8052:0000020B71749770]      380 ms: Scavenge 718.8 (754.5) -> 718.8 (754.5) MB, 2.7 / 0.0 ms  (average mu = 0.762, current mu = 0.762) allocation failure 
